<html>
<body>
<pre>
<h1>µVision Build Log</h1>
<h2>Tool Versions:</h2>
IDE-Version: µVision V5.32.0.0
Copyright (C) 2020 ARM Ltd and ARM Germany GmbH. All rights reserved.
License Information: sas asa, asas, LIC=----
 
Tool Versions:
Toolchain:       MDK-Lite  Version: 5.32.0.0
Toolchain Path:  C:\Keil_v5\ARM\ARMCLANG\Bin
C Compiler:      ArmClang.exe V6.14.1
Assembler:       Armasm.exe V6.14.1
Linker/Locator:  ArmLink.exe V6.14.1
Library Manager: ArmAr.exe V6.14.1
Hex Converter:   FromElf.exe V6.14.1
CPU DLL:         SARMCM3.DLL V5.32.0.0
Dialog DLL:      DCM.DLL V1.17.3.0
Target DLL:      STLink\ST-LINKIII-KEIL_SWO.dll V3.0.8.0
Dialog DLL:      TCM.DLL V1.46.0.0
 
<h2>Project:</h2>
E:\Keil_Project\keil-project-stm32\Rtos_from_scratch\Round_Robin_V1.uvprojx
Project File Date:  07/13/2022

<h2>Output:</h2>
*** Using Compiler 'V6.14.1', folder: 'C:\Keil_v5\ARM\ARMCLANG\Bin'
Rebuild target 'Target 1'
Note: source file '.\osKernel.s' - object file renamed from '.\Objects\osKernel.o' to '.\Objects\oskernel_1.o'.
Note: source file '.\osKernel.s' - object file renamed from '.\Objects\osKernel.o' to '.\Objects\oskernel_1.o'.
assembling osKernel.s...
osKernel.c(1): warning: In file included from...
./osKernel.h(17): warning: no newline at end of file [-Wnewline-eof]
                                                                                                         
                                                                                                         ^
osKernel.c(26): warning: no previous prototype for function 'osKernelStackInit' [-Wmissing-prototypes]
void osKernelStackInit(int i){
     ^
osKernel.c(26): note: declare 'static' if the function is not intended to be used outside of this translation unit
void osKernelStackInit(int i){
^
static 
osKernel.c(13): warning: no previous extern declaration for non-static variable 'MILLIS_PRESCALER' [-Wmissing-variable-declarations]
uint32_t MILLIS_PRESCALER;
         ^
osKernel.c(13): note: declare 'static' if the variable is not intended to be used outside of this translation unit
uint32_t MILLIS_PRESCALER;
^
osKernel.c(21): warning: no previous extern declaration for non-static variable 'tcbs' [-Wmissing-variable-declarations]
tcbType tcbs[NUM_OF_THREADS];
        ^
osKernel.c(21): note: declare 'static' if the variable is not intended to be used outside of this translation unit
tcbType tcbs[NUM_OF_THREADS];
^
osKernel.c(22): warning: no previous extern declaration for non-static variable 'currentPt' [-Wmissing-variable-declarations]
tcbType *currentPt;
         ^
osKernel.c(22): note: declare 'static' if the variable is not intended to be used outside of this translation unit
tcbType *currentPt;
^
osKernel.c(24): warning: no previous extern declaration for non-static variable 'TCB_STACK' [-Wmissing-variable-declarations]
int32_t TCB_STACK[NUM_OF_THREADS][STACKSIZE];
        ^
osKernel.c(24): note: declare 'static' if the variable is not intended to be used outside of this translation unit
int32_t TCB_STACK[NUM_OF_THREADS][STACKSIZE];
^
6 warnings generated.
compiling osKernel.c...
main.c(2): warning: In file included from...
./osKernel.h(17): warning: no newline at end of file [-Wnewline-eof]
                                                                                                         
                                                                                                         ^
main.c(21): warning: function 'task0' could be declared with attribute 'noreturn' [-Wmissing-noreturn]
{
^
main.c(30): warning: function 'task1' could be declared with attribute 'noreturn' [-Wmissing-noreturn]
{
^
main.c(39): warning: function 'task2' could be declared with attribute 'noreturn' [-Wmissing-noreturn]
{
^
main.c(10): warning: no previous extern declaration for non-static variable 'count0' [-Wmissing-variable-declarations]
uint32_t count0,count1,count2;
         ^
main.c(10): note: declare 'static' if the variable is not intended to be used outside of this translation unit
uint32_t count0,count1,count2;
^
main.c(10): warning: no previous extern declaration for non-static variable 'count1' [-Wmissing-variable-declarations]
uint32_t count0,count1,count2;
                ^
main.c(10): note: declare 'static' if the variable is not intended to be used outside of this translation unit
uint32_t count0,count1,count2;
^
main.c(10): warning: no previous extern declaration for non-static variable 'count2' [-Wmissing-variable-declarations]
uint32_t count0,count1,count2;
                       ^
main.c(10): note: declare 'static' if the variable is not intended to be used outside of this translation unit
uint32_t count0,count1,count2;
^
7 warnings generated.
compiling main.c...
assembling startup_stm32f446xx.s...
compiling system_stm32f4xx.c...
linking...
Program Size: Code=1332 RO-data=468 RW-data=0 ZI-data=2880  
".\Objects\Round_Robin_V1.axf" - 0 Error(s), 13 Warning(s).

<h2>Software Packages used:</h2>

Package Vendor: ARM
                http://www.keil.com/pack/ARM.CMSIS.5.8.0.pack
                ARM.CMSIS.5.8.0
                CMSIS (Common Microcontroller Software Interface Standard)
   * Component: CORE Version: 5.5.0

Package Vendor: Keil
                http://www.keil.com/pack/Keil.STM32F4xx_DFP.2.15.0.pack
                Keil.STM32F4xx_DFP.2.15.0
                STMicroelectronics STM32F4 Series Device Support, Drivers and Examples
   * Component: Startup Version: 2.6.3

<h2>Collection of Component include folders:</h2>
  .\RTE\_Target_1
  C:\Users\EmbedOs\AppData\Local\Arm\Packs\ARM\CMSIS\5.8.0\CMSIS\Core\Include
  C:\Users\EmbedOs\AppData\Local\Arm\Packs\Keil\STM32F4xx_DFP\2.15.0\Drivers\CMSIS\Device\ST\STM32F4xx\Include

<h2>Collection of Component Files used:</h2>

   * Component: ARM::CMSIS:CORE:5.5.0

   * Component: Keil::Device:Startup:2.6.3
      Source file:   MDK\Device\Source\ARM\STM32F4xx_OTP.s
      Include file:  Drivers\CMSIS\Device\ST\STM32F4xx\Include\stm32f4xx.h
      Source file:   MDK\Device\Source\ARM\STM32F446xx_OPT.s
      Source file:   Drivers\CMSIS\Device\ST\STM32F4xx\Source\Templates\arm\startup_stm32f446xx.s
      Source file:   Drivers\CMSIS\Device\ST\STM32F4xx\Source\Templates\system_stm32f4xx.c
Build Time Elapsed:  00:00:02
</pre>
</body>
</html>
